*** Using Compiler 'V6.24', folder: 'C:\Users\MyPC\AppData\Local\Keil_v5\ARM\ARMCLANG\Bin'
Rebuild target 'doan_01'
assembling startup_stm32f407xx.s...
compiling stm32f4xx_hal_flash_ramfunc.c...
compiling stm32f4xx_hal_msp.c...
compiling stm32f4xx_hal_i2c_ex.c...
compiling stm32f4xx_it.c...
compiling stm32f4xx_hal_rcc.c...
compiling stm32f4xx_hal_flash.c...
compiling stm32f4xx_hal_flash_ex.c...
compiling stm32f4xx_hal_rcc_ex.c...
../Core/Src/main.c(24): warning: In file included from...../hardware/inc\robot.h(12): warning: In file included from...../hardware/inc\VL53L0X.h(11): warning: 'bool' macro redefined [-Wmacro-redefined]
   11 | #define bool  uint8_t
      |         ^
C:\Users\MyPC\AppData\Local\Keil_v5\ARM\ARMCLANG\bin\..\include\stdbool.h(15): note: previous definition is here
   15 |     #define bool _Bool
      |             ^
../Core/Src/main.c(32): warning: In file included from...../hardware/inc\navigation.h(15): warning: 'ROBOT_WIDTH_M' macro redefined [-Wmacro-redefined]
   15 | #define ROBOT_WIDTH_M 0.27f //Coi robot la hinh vuong co canh 27cm de tinh toan khoang cach toi mep trai va phai
      |         ^
../hardware/inc\avoid.h(14): note: previous definition is here
   14 | #define ROBOT_WIDTH_M     0.20f   /* chiều rộng thân xe */
      |         ^
2 warnings generated.
compiling main.c...
compiling stm32f4xx_hal_gpio.c...
compiling stm32f4xx_hal_pwr.c...
compiling stm32f4xx_hal_pwr_ex.c...
compiling stm32f4xx_hal_dma_ex.c...
compiling stm32f4xx_hal.c...
compiling stm32f4xx_hal_exti.c...
compiling stm32f4xx_hal_dma.c...
compiling stm32f4xx_hal_cortex.c...
compiling system_stm32f4xx.c...
../hardware/src/avoid.c(2): warning: In file included from...../hardware/inc\vl53_scan.h(12): warning: In file included from...../hardware/inc\VL53L0X.h(11): warning: 'bool' macro redefined [-Wmacro-redefined]
   11 | #define bool  uint8_t
      |         ^
C:\Users\MyPC\AppData\Local\Keil_v5\ARM\ARMCLANG\bin\..\include\stdbool.h(15): note: previous definition is here
   15 |     #define bool _Bool
      |             ^
1 warning generated.
compiling avoid.c...
compiling map.c...
compiling delay.c...
compiling encoder.c...
compiling control.c...
compiling hc_sr04.c...
compiling stm32f4xx_hal_tim_ex.c...
compiling motor.c...
compiling stm32f4xx_hal_i2c.c...
compiling pid.c...
compiling mpu6050.c...
compiling stm32f4xx_hal_uart.c...
../hardware/src/nav.c(12): warning: In file included from...../hardware/inc\vl53_scan.h(12): warning: In file included from...../hardware/inc\VL53L0X.h(11): warning: 'bool' macro redefined [-Wmacro-redefined]
   11 | #define bool  uint8_t
      |         ^
C:\Users\MyPC\AppData\Local\Keil_v5\ARM\ARMCLANG\bin\..\include\stdbool.h(15): note: previous definition is here
   15 |     #define bool _Bool
      |             ^
1 warning generated.
compiling nav.c...
../hardware/src/OLED.c(1): warning: In file included from...../hardware/src\../inc/OLED.h(6): warning: In file included from...../hardware/src\../inc\navigation.h(7): warning: In file included from...../hardware/src\../inc\VL53L0X.h(11): warning: 'bool' macro redefined [-Wmacro-redefined]
   11 | #define bool  uint8_t
      |         ^
C:\Users\MyPC\AppData\Local\Keil_v5\ARM\ARMCLANG\bin\..\include\stdbool.h(15): note: previous definition is here
   15 |     #define bool _Bool
      |             ^
1 warning generated.
compiling OLED.c...
../hardware/src/navigation.c(1): warning: In file included from...../hardware/inc\navigation.h(7): warning: In file included from...../hardware/inc\VL53L0X.h(11): warning: 'bool' macro redefined [-Wmacro-redefined]
   11 | #define bool  uint8_t
      |         ^
C:\Users\MyPC\AppData\Local\Keil_v5\ARM\ARMCLANG\bin\..\include\stdbool.h(15): note: previous definition is here
   15 |     #define bool _Bool
      |             ^
1 warning generated.
compiling navigation.c...
compiling Servo.c...
../hardware/src/robot.c(7): warning: In file included from...../hardware/inc\robot.h(12): warning: In file included from...../hardware/inc\VL53L0X.h(11): warning: 'bool' macro redefined [-Wmacro-redefined]
   11 | #define bool  uint8_t
      |         ^
C:\Users\MyPC\AppData\Local\Keil_v5\ARM\ARMCLANG\bin\..\include\stdbool.h(15): note: previous definition is here
   15 |     #define bool _Bool
      |             ^
1 warning generated.
compiling robot.c...
../hardware/src/vl53_scan.c(9): warning: In file included from...../hardware/inc\vl53_scan.h(12): warning: In file included from...../hardware/inc\VL53L0X.h(11): warning: 'bool' macro redefined [-Wmacro-redefined]
   11 | #define bool  uint8_t
      |         ^
C:\Users\MyPC\AppData\Local\Keil_v5\ARM\ARMCLANG\bin\..\include\stdbool.h(15): note: previous definition is here
   15 |     #define bool _Bool
      |             ^
1 warning generated.
compiling vl53_scan.c...
compiling stm32f4xx_hal_tim.c...
compiling ssd1306_fonts.c...
compiling ssd1306_tests.c...
../hardware/src/VL53L0X.c(9): warning: In file included from...../hardware/inc\VL53L0X.h(11): warning: 'bool' macro redefined [-Wmacro-redefined]
   11 | #define bool  uint8_t
      |         ^
C:\Users\MyPC\AppData\Local\Keil_v5\ARM\ARMCLANG\bin\..\include\stdbool.h(15): note: previous definition is here
   15 |     #define bool _Bool
      |             ^
1 warning generated.
compiling VL53L0X.c...
compiling ssd1306.c...
linking...
Program Size: Code=42544 RO-data=2912 RW-data=48 ZI-data=4296  
FromELF: creating hex file...
"doan_01\doan_01.axf" - 0 Error(s), 9 Warning(s).
Build Time Elapsed:  00:00:01
