../Core/Src/main.c:91:6:Debug_Print1	80	static
../Core/Src/main.c:113:5:main	16	static
../Core/Src/main.c:278:6:SystemClock_Config	88	static
../Core/Src/main.c:324:13:MX_I2C1_Init	8	static
../Core/Src/main.c:358:13:MX_I2C2_Init	8	static
../Core/Src/main.c:392:13:MX_TIM1_Init	48	static
../Core/Src/main.c:464:13:MX_TIM2_Init	48	static
../Core/Src/main.c:522:13:MX_TIM4_Init	64	static
../Core/Src/main.c:593:13:MX_TIM5_Init	48	static
../Core/Src/main.c:651:13:MX_USART1_UART_Init	8	static
../Core/Src/main.c:684:13:MX_GPIO_Init	48	static
../Core/Src/main.c:741:6:Error_Handler	4	static,ignoring_inline_asm
