../Core/Src/main.c:94:6:Debug_Print1	2
../Core/Src/main.c:120:6:Debug_Print2	1
../Core/Src/main.c:125:6:Debug_Print	1
../Core/Src/main.c:144:5:main	1
../Core/Src/main.c:257:6:SystemClock_Config	3
../Core/Src/main.c:303:13:MX_I2C1_Init	2
../Core/Src/main.c:337:13:MX_I2C2_Init	2
../Core/Src/main.c:371:13:MX_I2C3_Init	2
../Core/Src/main.c:405:13:MX_TIM1_Init	9
../Core/Src/main.c:477:13:MX_TIM2_Init	6
../Core/Src/main.c:535:13:MX_TIM3_Init	6
../Core/Src/main.c:594:13:MX_TIM4_Init	9
../Core/Src/main.c:665:13:MX_TIM5_Init	6
../Core/Src/main.c:723:13:MX_USART1_UART_Init	2
../Core/Src/main.c:754:13:MX_DMA_Init	1
../Core/Src/main.c:772:13:MX_GPIO_Init	1
../Core/Src/main.c:830:6:Error_Handler	1
