../Core/Src/main.c:94:6:Debug_Print1	1
../Core/Src/main.c:105:6:Debug_Print2	1
../Core/Src/main.c:110:6:Debug_Print	1
../Core/Src/main.c:131:5:main	5
../Core/Src/main.c:258:6:SystemClock_Config	3
../Core/Src/main.c:304:13:MX_I2C1_Init	2
../Core/Src/main.c:338:13:MX_I2C2_Init	2
../Core/Src/main.c:372:13:MX_I2C3_Init	2
../Core/Src/main.c:406:13:MX_TIM1_Init	9
../Core/Src/main.c:478:13:MX_TIM2_Init	6
../Core/Src/main.c:536:13:MX_TIM3_Init	6
../Core/Src/main.c:595:13:MX_TIM4_Init	9
../Core/Src/main.c:666:13:MX_TIM5_Init	6
../Core/Src/main.c:724:13:MX_USART1_UART_Init	2
../Core/Src/main.c:755:13:MX_DMA_Init	1
../Core/Src/main.c:773:13:MX_GPIO_Init	1
../Core/Src/main.c:831:6:Error_Handler	1
