../Core/Src/main.c:93:6:Debug_Print1	8	static
../Core/Src/main.c:104:6:Debug_Print2	16	static
../Core/Src/main.c:109:6:Debug_Print	112	static
../Core/Src/main.c:130:5:main	8	static
../Core/Src/main.c:199:6:SystemClock_Config	88	static
../Core/Src/main.c:245:13:MX_I2C1_Init	8	static
../Core/Src/main.c:279:13:MX_I2C2_Init	8	static
../Core/Src/main.c:313:13:MX_I2C3_Init	8	static
../Core/Src/main.c:347:13:MX_TIM1_Init	48	static
../Core/Src/main.c:419:13:MX_TIM2_Init	48	static
../Core/Src/main.c:477:13:MX_TIM3_Init	64	static
../Core/Src/main.c:536:13:MX_TIM4_Init	64	static
../Core/Src/main.c:607:13:MX_TIM5_Init	48	static
../Core/Src/main.c:665:13:MX_USART1_UART_Init	8	static
../Core/Src/main.c:696:13:MX_DMA_Init	16	static
../Core/Src/main.c:714:13:MX_GPIO_Init	56	static
../Core/Src/main.c:772:6:Error_Handler	4	static,ignoring_inline_asm
