../hardware/src/control.c:22:6:HeadingHold_SetTarget	16	static
../hardware/src/control.c:34:6:HeadingHold_Task	48	static
../hardware/src/control.c:80:6:PH_activate	4	static
../hardware/src/control.c:90:6:PH_deactivate	4	static
../hardware/src/control.c:97:6:PH_task	32	static
../hardware/src/control.c:142:6:Kinematics_inverse	24	static
../hardware/src/control.c:150:6:Kinematics_update	40	static
../hardware/src/control.c:173:6:Kinematics_obs_pos	40	static
../hardware/src/control.c:181:6:Kinematics_reset	40	static
../hardware/src/control.c:186:6:pid_setup	8	static
../hardware/src/control.c:192:6:motorcontrol_pid	16	static
../hardware/src/control.c:280:14:_norm	16	static
../hardware/src/control.c:284:6:turn_start	16	static
../hardware/src/control.c:328:6:turn_task	56	static
../hardware/src/control.c:432:7:turn_done	4	static
../hardware/src/control.c:433:7:turn_final_yaw	4	static
../hardware/src/control.c:434:7:turn_residual	16	static
../hardware/src/control.c:438:7:angle_diff	24	static
