../hardware/src/control.c:25:6:HeadingHold_SetTarget	16	static
../hardware/src/control.c:38:6:HeadingHold_SetTrim	16	static
../hardware/src/control.c:43:6:HeadingHold_Enable	16	static
../hardware/src/control.c:54:6:HeadingHold_Task	48	static
../hardware/src/control.c:107:6:PH_activate	4	static
../hardware/src/control.c:117:6:PH_deactivate	4	static
../hardware/src/control.c:124:6:PH_task	32	static
../hardware/src/control.c:169:6:Kinematics_inverse	24	static
../hardware/src/control.c:177:6:Kinematics_update	40	static
../hardware/src/control.c:200:6:Kinematics_obs_pos	40	static
../hardware/src/control.c:208:6:Kinematics_reset	40	static
../hardware/src/control.c:213:6:pid_setup	8	static
../hardware/src/control.c:219:6:Control_Task20ms	24	static,ignoring_inline_asm
../hardware/src/control.c:248:12:wheel_control	48	static
../hardware/src/control.c:286:13:apply_left_pwm	16	static
../hardware/src/control.c:304:13:apply_right_pwm	16	static
../hardware/src/control.c:322:6:motorcontrol_pid	16	static
../hardware/src/control.c:343:14:_norm	16	static
../hardware/src/control.c:347:6:turn_start	16	static
../hardware/src/control.c:371:6:turn_start_to	32	static
../hardware/src/control.c:406:6:turn_task	56	static
../hardware/src/control.c:511:7:turn_done	4	static
../hardware/src/control.c:512:7:turn_final_yaw	4	static
../hardware/src/control.c:513:7:turn_residual	16	static
../hardware/src/control.c:517:7:angle_diff	24	static
