../hardware/src/control.c:32:14:norm_deg	16	static
../hardware/src/control.c:39:7:angle_diff	16	static
../hardware/src/control.c:44:11:heading_straight_move_active	4	static
../hardware/src/control.c:51:6:HeadingHold_SetTarget	24	static
../hardware/src/control.c:70:6:HeadingHold_SetTrim	16	static
../hardware/src/control.c:75:6:HeadingHold_Enable	16	static
../hardware/src/control.c:86:6:HeadingHold_Task	32	static
../hardware/src/control.c:131:6:PH_activate	4	static
../hardware/src/control.c:141:6:PH_deactivate	4	static
../hardware/src/control.c:148:6:PH_task	32	static
../hardware/src/control.c:193:13:Ph_state_str	4	static
../hardware/src/control.c:203:6:Kinematics_inverse	24	static
../hardware/src/control.c:209:6:Kinematics_update	40	static
../hardware/src/control.c:229:6:Kinematics_obs_pos	40	static
../hardware/src/control.c:236:6:Kinematics_reset	40	static
../hardware/src/control.c:242:6:pid_setup	8	static
../hardware/src/control.c:250:12:motor_start_boost	40	static
../hardware/src/control.c:269:12:motor_pwm_slew	24	static
../hardware/src/control.c:289:6:Control_Task20ms	24	static,ignoring_inline_asm
../hardware/src/control.c:313:6:motorcontrol_pid	16	static
../hardware/src/control.c:401:6:turn_start	16	static
../hardware/src/control.c:418:6:turn_start_to	16	static
../hardware/src/control.c:423:6:turn_task	24	static
../hardware/src/control.c:480:4:turn_done	4	static
../hardware/src/control.c:485:7:turn_final_yaw	4	static
../hardware/src/control.c:490:7:turn_residual	8	static
