../hardware/src/control.c:17:6:HeadingHold_Task	40	static
../hardware/src/control.c:46:6:PH_activate	4	static
../hardware/src/control.c:56:6:PH_deactivate	4	static
../hardware/src/control.c:63:6:PH_task	32	static
../hardware/src/control.c:108:6:Kinematics_inverse	24	static
../hardware/src/control.c:116:6:Kinematics_update	40	static
../hardware/src/control.c:139:6:Kinematics_obs_pos	40	static
../hardware/src/control.c:147:6:Kinematics_reset	40	static
../hardware/src/control.c:152:6:pid_setup	8	static
../hardware/src/control.c:158:6:motorcontrol_pid	16	static
../hardware/src/control.c:246:6:turn_start	16	static
../hardware/src/control.c:268:6:turn_task	24	static
../hardware/src/control.c:321:4:turn_done	4	static
../hardware/src/control.c:326:7:turn_final_yaw	4	static
../hardware/src/control.c:331:7:turn_residual	16	static
