../hardware/src/control.c:17:6:HeadingHold_Task	40	static
../hardware/src/control.c:46:6:PH_activate	4	static
../hardware/src/control.c:56:6:PH_deactivate	4	static
../hardware/src/control.c:63:6:PH_task	32	static
../hardware/src/control.c:108:6:Kinematics_inverse	24	static
../hardware/src/control.c:116:6:Kinematics_update	40	static
../hardware/src/control.c:139:6:Kinematics_obs_pos	40	static
../hardware/src/control.c:147:6:Kinematics_reset	40	static
../hardware/src/control.c:152:6:pid_setup	8	static
../hardware/src/control.c:158:6:motorcontrol_pid	16	static
../hardware/src/control.c:339:14:_norm	16	static
../hardware/src/control.c:342:6:turn_start	16	static
../hardware/src/control.c:382:6:turn_task	48	static
../hardware/src/control.c:475:7:turn_done	4	static
../hardware/src/control.c:476:7:turn_final_yaw	4	static
../hardware/src/control.c:477:7:turn_residual	8	static
../hardware/src/control.c:478:7:angle_diff	24	static
