../hardware/src/control.c:28:14:norm_deg	16	static
../hardware/src/control.c:35:7:angle_diff	16	static
../hardware/src/control.c:40:6:HeadingHold_SetTarget	16	static
../hardware/src/control.c:46:6:HeadingHold_SetTrim	16	static
../hardware/src/control.c:51:6:HeadingHold_Enable	16	static
../hardware/src/control.c:61:6:HeadingHold_Task	32	static
../hardware/src/control.c:98:6:PH_activate	4	static
../hardware/src/control.c:108:6:PH_deactivate	4	static
../hardware/src/control.c:115:6:PH_task	32	static
../hardware/src/control.c:160:13:Ph_state_str	4	static
../hardware/src/control.c:170:6:Kinematics_inverse	24	static
../hardware/src/control.c:176:6:Kinematics_update	40	static
../hardware/src/control.c:196:6:Kinematics_obs_pos	40	static
../hardware/src/control.c:203:6:Kinematics_reset	40	static
../hardware/src/control.c:209:6:pid_setup	8	static
../hardware/src/control.c:217:12:motor_start_boost	40	static
../hardware/src/control.c:236:12:motor_pwm_slew	24	static
../hardware/src/control.c:256:6:Control_Task20ms	24	static,ignoring_inline_asm
../hardware/src/control.c:280:6:motorcontrol_pid	16	static
../hardware/src/control.c:368:6:turn_start	16	static
../hardware/src/control.c:385:6:turn_start_to	16	static
../hardware/src/control.c:390:6:turn_task	24	static
../hardware/src/control.c:447:4:turn_done	4	static
../hardware/src/control.c:452:7:turn_final_yaw	4	static
../hardware/src/control.c:457:7:turn_residual	8	static
