../hardware/src/nav.c:76:14:norm_deg	16	static
../hardware/src/nav.c:83:14:cross_error_for	48	static
../hardware/src/nav.c:91:14:lane_progress	32	static
../hardware/src/nav.c:99:14:lane_cross_error	8	static
../hardware/src/nav.c:104:13:mark_position	4	static
../hardware/src/nav.c:110:14:distance_from_mark	16	static
../hardware/src/nav.c:117:13:stop_motion	8	static
../hardware/src/nav.c:125:13:reset_front_watch	8	static
../hardware/src/nav.c:131:13:reset_stuck_watch	8	static
../hardware/src/nav.c:138:13:clear_obstacle_plan	4	static
../hardware/src/nav.c:153:13:resume_forward_keep_plan	8	static
../hardware/src/nav.c:164:14:planned_distance_done	16	static
../hardware/src/nav.c:171:11:object_side_servo_deg	4	static
../hardware/src/nav.c:182:11:side_sensor_sees_object	16	static
../hardware/src/nav.c:188:13:mission_set_line	24	static
../hardware/src/nav.c:197:13:enter_state	24	static
../hardware/src/nav.c:267:14:ramp_speed	24	static
../hardware/src/nav.c:277:13:drive_heading	16	static
../hardware/src/nav.c:283:13:drive_lane	24	static
../hardware/src/nav.c:295:14:speed_for_front	32	static
../hardware/src/nav.c:315:11:take_new_front	24	static
../hardware/src/nav.c:326:12:drive_pwm_abs_max	16	static
../hardware/src/nav.c:333:11:stuck_detected	32	static
../hardware/src/nav.c:358:11:wide_scan_usable	8	static
../hardware/src/nav.c:365:11:side_from_gap	16	static
../hardware/src/nav.c:376:11:choose_open_side	48	static
../hardware/src/nav.c:411:14:escape_side_score	48	static
../hardware/src/nav.c:462:11:choose_object_escape_side	32	static
../hardware/src/nav.c:481:24:estimate_object_from_scan	160	static
../hardware/src/nav.c:593:13:set_planned_avoid_from_width	24	static
../hardware/src/nav.c:614:11:wall_scan_confident	40	static
../hardware/src/nav.c:644:16:classify_scene	48	static
../hardware/src/nav.c:677:13:schedule_turn_to_ex	16	static
../hardware/src/nav.c:686:13:schedule_turn_to	16	static
../hardware/src/nav.c:691:13:schedule_row_turn_to	16	static
../hardware/src/nav.c:696:11:turn_can_continue	16	static
../hardware/src/nav.c:713:13:begin_scan	8	static
../hardware/src/nav.c:721:13:begin_plan_scan	8	static
../hardware/src/nav.c:739:13:begin_stuck_back	8	static
../hardware/src/nav.c:746:13:begin_wall_row_change	16	static
../hardware/src/nav.c:772:13:begin_length_row_change	8	static
../hardware/src/nav.c:778:13:begin_object_avoid	16	static
../hardware/src/nav.c:798:13:execute_scene_decision	24	static
../hardware/src/nav.c:822:13:plan_from_scan	48	static
../hardware/src/nav.c:852:13:handle_scan_result	8	static
../hardware/src/nav.c:858:13:execute_planned_or_object_fallback	16	static
../hardware/src/nav.c:875:6:nav_init	8	static
../hardware/src/nav.c:890:6:nav_task	56	static
