../hardware/src/nav.c:73:14:norm_deg	16	static
../hardware/src/nav.c:80:14:cross_error_for	48	static
../hardware/src/nav.c:88:14:distance_from_mark	16	static
../hardware/src/nav.c:95:13:mark_position	4	static
../hardware/src/nav.c:101:13:stop_motion	8	static
../hardware/src/nav.c:108:13:reset_front_watch	8	static
../hardware/src/nav.c:116:13:reset_stuck_watch	8	static
../hardware/src/nav.c:123:13:reset_hidden_row_watch	8	static
../hardware/src/nav.c:130:12:drive_pwm_abs_max	16	static
../hardware/src/nav.c:137:11:pwm_force_active	16	static
../hardware/src/nav.c:142:11:stuck_pwm_force_active	8	static
../hardware/src/nav.c:147:13:reset_search_sweep	4	static
../hardware/src/nav.c:153:13:mission_set_line	24	static
../hardware/src/nav.c:161:13:enter_state	16	static
../hardware/src/nav.c:204:14:ramp_speed	24	static
../hardware/src/nav.c:214:14:lane_progress	32	static
../hardware/src/nav.c:222:14:lane_cross_error	8	static
../hardware/src/nav.c:227:13:drive_lane	24	static
../hardware/src/nav.c:235:13:drive_heading	16	static
../hardware/src/nav.c:241:14:speed_for_front	24	static
../hardware/src/nav.c:253:11:take_new_front	24	static
../hardware/src/nav.c:263:13:update_cliff_filter	16	static
../hardware/src/nav.c:283:11:cliff_mask	4	static
../hardware/src/nav.c:304:11:is_moving_state	16	static
../hardware/src/nav.c:311:11:stuck_detected	32	static
../hardware/src/nav.c:343:11:hidden_obstacle_row_detected	32	static
../hardware/src/nav.c:369:13:schedule_turn_to_ex	16	static
../hardware/src/nav.c:380:13:schedule_turn_to	16	static
../hardware/src/nav.c:385:13:schedule_row_turn_to	16	static
../hardware/src/nav.c:390:11:turn_timeout_can_continue	16	static
../hardware/src/nav.c:410:11:scan_blocked_near	16	static
../hardware/src/nav.c:431:11:find_open_gap	40	static
../hardware/src/nav.c:448:11:choose_open_side	32	static
../hardware/src/nav.c:478:20:classify_scan	176	static
../hardware/src/nav.c:594:13:begin_scan	16	static
../hardware/src/nav.c:601:13:begin_recover	8	static
../hardware/src/nav.c:609:13:begin_row_change_ex	16	static
../hardware/src/nav.c:626:13:begin_row_change	16	static
../hardware/src/nav.c:631:13:begin_wall_row_change	16	static
../hardware/src/nav.c:636:13:begin_search_turn	16	static
../hardware/src/nav.c:657:13:begin_avoid_with	16	static
../hardware/src/nav.c:673:13:handle_scan_result	24	static
../hardware/src/nav.c:707:6:nav_init	8	static
../hardware/src/nav.c:727:6:nav_task	40	static
