../hardware/src/nav.c:86:14:norm_deg	16	static
../hardware/src/nav.c:93:14:cross_error_for	48	static
../hardware/src/nav.c:101:14:lane_progress	32	static
../hardware/src/nav.c:109:14:lane_cross_error	8	static
../hardware/src/nav.c:114:13:mark_position	4	static
../hardware/src/nav.c:120:14:distance_from_mark	16	static
../hardware/src/nav.c:127:13:stop_motion	8	static
../hardware/src/nav.c:135:13:reset_front_watch	8	static
../hardware/src/nav.c:141:13:reset_stuck_watch	8	static
../hardware/src/nav.c:148:13:clear_obstacle_plan	4	static
../hardware/src/nav.c:163:13:resume_forward_keep_plan	8	static
../hardware/src/nav.c:174:14:planned_distance_done	16	static
../hardware/src/nav.c:181:11:object_side_servo_deg	4	static
../hardware/src/nav.c:192:11:side_sensor_sees_object	16	static
../hardware/src/nav.c:198:11:scan_mm_is_near	16	static
../hardware/src/nav.c:203:13:mission_set_line	24	static
../hardware/src/nav.c:212:13:enter_state	24	static
../hardware/src/nav.c:282:14:ramp_speed	24	static
../hardware/src/nav.c:292:13:drive_heading	16	static
../hardware/src/nav.c:298:13:drive_lane	24	static
../hardware/src/nav.c:310:14:speed_for_front	32	static
../hardware/src/nav.c:330:11:take_new_front	24	static
../hardware/src/nav.c:341:12:drive_pwm_abs_max	16	static
../hardware/src/nav.c:348:11:stuck_detected	32	static
../hardware/src/nav.c:373:11:wide_scan_usable	8	static
../hardware/src/nav.c:380:11:side_from_gap	16	static
../hardware/src/nav.c:391:11:choose_open_side	48	static
../hardware/src/nav.c:426:14:escape_side_score	48	static
../hardware/src/nav.c:477:11:choose_object_escape_side	32	static
../hardware/src/nav.c:496:24:estimate_object_from_scan	160	static
../hardware/src/nav.c:608:13:set_planned_avoid_from_width	24	static
../hardware/src/nav.c:629:21:front_near_block	104	static
../hardware/src/nav.c:700:11:wall_scan_confident	40	static
../hardware/src/nav.c:728:16:classify_scene	48	static
../hardware/src/nav.c:751:13:schedule_turn_to_ex	16	static
../hardware/src/nav.c:760:13:schedule_turn_to	16	static
../hardware/src/nav.c:765:13:schedule_row_turn_to	16	static
../hardware/src/nav.c:770:11:turn_can_continue	16	static
../hardware/src/nav.c:787:13:begin_scan	8	static
../hardware/src/nav.c:795:13:begin_plan_scan	8	static
../hardware/src/nav.c:813:13:begin_stuck_back	8	static
../hardware/src/nav.c:820:13:begin_wall_row_change	16	static
../hardware/src/nav.c:846:13:begin_length_row_change	8	static
../hardware/src/nav.c:852:13:begin_object_avoid	16	static
../hardware/src/nav.c:872:13:execute_scene_decision	24	static
../hardware/src/nav.c:896:13:plan_from_scan	48	static
../hardware/src/nav.c:926:13:handle_scan_result	8	static
../hardware/src/nav.c:932:13:execute_planned_or_object_fallback	16	static
../hardware/src/nav.c:949:6:nav_init	8	static
../hardware/src/nav.c:964:6:nav_task	56	static
