../hardware/src/nav.c:102:14:norm_deg	16	static
../hardware/src/nav.c:109:14:yaw_delta_for_side	24	static
../hardware/src/nav.c:115:14:cross_error_for	48	static
../hardware/src/nav.c:123:14:lane_progress	32	static
../hardware/src/nav.c:131:14:lane_cross_error	8	static
../hardware/src/nav.c:136:13:mark_position	4	static
../hardware/src/nav.c:142:14:distance_from_mark	16	static
../hardware/src/nav.c:149:13:stop_motion	8	static
../hardware/src/nav.c:157:13:reset_front_watch	8	static
../hardware/src/nav.c:163:13:reset_stuck_watch	8	static
../hardware/src/nav.c:170:13:clear_obstacle_plan	4	static
../hardware/src/nav.c:185:13:resume_forward_keep_plan	8	static
../hardware/src/nav.c:196:14:planned_distance_done	16	static
../hardware/src/nav.c:203:11:object_side_servo_deg	4	static
../hardware/src/nav.c:212:11:side_sensor_sees_object	16	static
../hardware/src/nav.c:218:11:scan_mm_is_near	16	static
../hardware/src/nav.c:223:13:mission_set_line	24	static
../hardware/src/nav.c:232:13:enter_state	24	static
../hardware/src/nav.c:304:14:ramp_speed	24	static
../hardware/src/nav.c:314:13:drive_heading	16	static
../hardware/src/nav.c:320:13:drive_lane	24	static
../hardware/src/nav.c:332:14:speed_for_front	32	static
../hardware/src/nav.c:352:11:take_new_front	24	static
../hardware/src/nav.c:363:12:drive_pwm_abs_max	16	static
../hardware/src/nav.c:370:11:stuck_detected	32	static
../hardware/src/nav.c:395:11:wide_scan_usable	8	static
../hardware/src/nav.c:400:11:side_from_gap	16	static
../hardware/src/nav.c:411:11:choose_open_side	48	static
../hardware/src/nav.c:446:14:escape_side_score	48	static
../hardware/src/nav.c:497:11:choose_object_escape_side	32	static
../hardware/src/nav.c:516:24:estimate_object_from_scan	160	static
../hardware/src/nav.c:628:13:set_planned_avoid_from_width	24	static
../hardware/src/nav.c:649:21:front_near_block	104	static
../hardware/src/nav.c:720:20:scan_shape_stats	72	static
../hardware/src/nav.c:771:11:wall_shape_confident	16	static
../hardware/src/nav.c:779:11:object_shape_likely	16	static
../hardware/src/nav.c:787:11:wall_scan_confident	40	static
../hardware/src/nav.c:815:16:classify_scene	88	static
../hardware/src/nav.c:845:13:schedule_turn_to_ex	16	static
../hardware/src/nav.c:854:13:schedule_turn_to	16	static
../hardware/src/nav.c:859:13:schedule_row_turn_to	16	static
../hardware/src/nav.c:864:13:begin_scan	8	static
../hardware/src/nav.c:872:13:begin_plan_scan	8	static
../hardware/src/nav.c:890:13:begin_stuck_back	8	static
../hardware/src/nav.c:897:13:begin_wall_row_change	24	static
../hardware/src/nav.c:925:13:begin_length_row_change	8	static
../hardware/src/nav.c:931:13:begin_object_avoid	16	static
../hardware/src/nav.c:954:13:execute_scene_decision	24	static
../hardware/src/nav.c:978:13:plan_from_scan	48	static
../hardware/src/nav.c:1006:13:fallback_object_plan_from_partial_scan	48	static
../hardware/src/nav.c:1037:13:execute_planned_or_object_fallback	16	static
../hardware/src/nav.c:1054:6:nav_init	8	static
../hardware/src/nav.c:1069:6:nav_task	72	static
