../hardware/src/nav.c:108:14:norm_deg	16	static
../hardware/src/nav.c:115:14:yaw_delta_for_side	24	static
../hardware/src/nav.c:121:11:avoid_side_from_obstacle_offset	16	static
../hardware/src/nav.c:136:14:cross_error_for	48	static
../hardware/src/nav.c:144:14:lane_progress	32	static
../hardware/src/nav.c:152:14:lane_cross_error	8	static
../hardware/src/nav.c:157:13:mark_position	4	static
../hardware/src/nav.c:165:14:distance_from_mark	16	static
../hardware/src/nav.c:172:14:encoder_distance_from_mark	16	static
../hardware/src/nav.c:179:14:row_cross_encoder_distance	16	static
../hardware/src/nav.c:186:13:stop_motion	8	static
../hardware/src/nav.c:194:13:reset_front_watch	8	static
../hardware/src/nav.c:200:13:reset_stuck_watch	8	static
../hardware/src/nav.c:207:13:clear_obstacle_plan	4	static
../hardware/src/nav.c:222:13:resume_forward_keep_plan	8	static
../hardware/src/nav.c:233:14:planned_distance_done	16	static
../hardware/src/nav.c:240:11:object_side_servo_deg	4	static
../hardware/src/nav.c:249:11:side_sensor_sees_object	16	static
../hardware/src/nav.c:255:11:scan_mm_is_near	16	static
../hardware/src/nav.c:260:13:mission_set_line	24	static
../hardware/src/nav.c:269:13:enter_state	24	static
../hardware/src/nav.c:356:14:ramp_speed	24	static
../hardware/src/nav.c:366:13:drive_heading	16	static
../hardware/src/nav.c:372:13:drive_lane	24	static
../hardware/src/nav.c:384:14:speed_for_front	32	static
../hardware/src/nav.c:404:11:take_new_front	24	static
../hardware/src/nav.c:415:12:drive_pwm_abs_max	16	static
../hardware/src/nav.c:422:11:stuck_detected	32	static
../hardware/src/nav.c:447:11:wide_scan_usable	8	static
../hardware/src/nav.c:452:11:side_from_gap	16	static
../hardware/src/nav.c:463:11:choose_open_side	48	static
../hardware/src/nav.c:498:12:side_near_count	24	static
../hardware/src/nav.c:514:14:scan_obstacle_center_offset_deg	40	static
../hardware/src/nav.c:546:11:side_from_blocked_side	32	static
../hardware/src/nav.c:572:14:escape_side_score	48	static
../hardware/src/nav.c:623:11:choose_object_escape_side	32	static
../hardware/src/nav.c:651:24:estimate_object_from_scan	168	static
../hardware/src/nav.c:766:11:side_from_object_position	16	static
../hardware/src/nav.c:774:13:set_planned_avoid_from_width	24	static
../hardware/src/nav.c:795:21:front_near_block	104	static
../hardware/src/nav.c:866:20:scan_shape_stats	72	static
../hardware/src/nav.c:917:11:wall_shape_confident	16	static
../hardware/src/nav.c:938:11:object_shape_likely	16	static
../hardware/src/nav.c:946:11:wall_scan_confident	40	static
../hardware/src/nav.c:974:16:classify_scene	88	static
../hardware/src/nav.c:1004:13:schedule_turn_to_ex	16	static
../hardware/src/nav.c:1013:13:schedule_turn_to	16	static
../hardware/src/nav.c:1018:13:schedule_row_turn_to	16	static
../hardware/src/nav.c:1023:13:begin_scan	8	static
../hardware/src/nav.c:1031:13:begin_plan_scan	8	static
../hardware/src/nav.c:1049:13:begin_stuck_back	8	static
../hardware/src/nav.c:1056:13:begin_wall_row_change	24	static
../hardware/src/nav.c:1089:13:begin_length_row_change	8	static
../hardware/src/nav.c:1095:13:begin_object_avoid	16	static
../hardware/src/nav.c:1121:13:execute_scene_decision	24	static
../hardware/src/nav.c:1148:13:plan_from_scan	56	static
../hardware/src/nav.c:1180:13:fallback_object_plan_from_partial_scan	48	static
../hardware/src/nav.c:1216:13:execute_planned_or_object_fallback	16	static
../hardware/src/nav.c:1233:6:nav_init	8	static
../hardware/src/nav.c:1248:6:nav_task	80	static
