../hardware/src/ssd1306.c:8:6:ssd1306_Reset	4	static
../hardware/src/ssd1306.c:13:6:ssd1306_WriteCommand	32	static
../hardware/src/ssd1306.c:18:6:ssd1306_WriteData	32	static
../hardware/src/ssd1306.c:63:17:ssd1306_FillBuffer	24	static
../hardware/src/ssd1306.c:73:6:ssd1306_Init	8	static
../hardware/src/ssd1306.c:179:6:ssd1306_Fill	16	static
../hardware/src/ssd1306.c:218:6:ssd1306_UpdateScreen	24	static
../hardware/src/ssd1306.c:246:6:ssd1306_DrawPixel	16	static
../hardware/src/ssd1306.c:266:6:ssd1306_WriteChar	48	static
../hardware/src/ssd1306.c:303:6:ssd1306_WriteString	32	static
../hardware/src/ssd1306.c:317:6:ssd1306_SetCursor	16	static
../hardware/src/ssd1306.c:323:6:ssd1306_Line	48	static
../hardware/src/ssd1306.c:350:6:ssd1306_Polyline	40	static
../hardware/src/ssd1306.c:364:14:ssd1306_DegToRad	16	static
../hardware/src/ssd1306.c:369:17:ssd1306_NormalizeTo0_360	24	static
../hardware/src/ssd1306.c:385:6:ssd1306_DrawArc	64	static
../hardware/src/ssd1306.c:425:6:ssd1306_DrawArcWithRadiusLine	72	static
../hardware/src/ssd1306.c:468:6:ssd1306_DrawCircle	40	static
../hardware/src/ssd1306.c:503:6:ssd1306_FillCircle	48	static
../hardware/src/ssd1306.c:539:6:ssd1306_DrawRectangle	32	static
../hardware/src/ssd1306.c:549:6:ssd1306_FillRectangle	32	static
../hardware/src/ssd1306.c:563:17:ssd1306_InvertRectangle	32	static
../hardware/src/ssd1306.c:594:6:ssd1306_DrawBitmap	24	static
../hardware/src/ssd1306.c:618:6:ssd1306_SetContrast	24	static
../hardware/src/ssd1306.c:624:6:ssd1306_SetDisplayOn	24	static
../hardware/src/ssd1306.c:636:9:ssd1306_GetDisplayOn	4	static
