../hardware/src/ssd1306.c:8:6:ssd1306_Reset	4	static
../hardware/src/ssd1306.c:13:6:ssd1306_WriteCommand	32	static
../hardware/src/ssd1306.c:18:6:ssd1306_WriteData	32	static
../hardware/src/ssd1306.c:63:17:ssd1306_FillBuffer	24	static
../hardware/src/ssd1306.c:73:6:ssd1306_Init	8	static
../hardware/src/ssd1306.c:175:6:ssd1306_Fill	16	static
../hardware/src/ssd1306.c:214:6:ssd1306_UpdateScreen	24	static
../hardware/src/ssd1306.c:242:6:ssd1306_DrawPixel	16	static
../hardware/src/ssd1306.c:262:6:ssd1306_WriteChar	48	static
../hardware/src/ssd1306.c:299:6:ssd1306_WriteString	32	static
../hardware/src/ssd1306.c:313:6:ssd1306_SetCursor	16	static
../hardware/src/ssd1306.c:319:6:ssd1306_Line	48	static
../hardware/src/ssd1306.c:346:6:ssd1306_Polyline	40	static
../hardware/src/ssd1306.c:360:14:ssd1306_DegToRad	16	static
../hardware/src/ssd1306.c:365:17:ssd1306_NormalizeTo0_360	24	static
../hardware/src/ssd1306.c:381:6:ssd1306_DrawArc	64	static
../hardware/src/ssd1306.c:421:6:ssd1306_DrawArcWithRadiusLine	72	static
../hardware/src/ssd1306.c:464:6:ssd1306_DrawCircle	40	static
../hardware/src/ssd1306.c:499:6:ssd1306_FillCircle	48	static
../hardware/src/ssd1306.c:535:6:ssd1306_DrawRectangle	32	static
../hardware/src/ssd1306.c:545:6:ssd1306_FillRectangle	32	static
../hardware/src/ssd1306.c:559:17:ssd1306_InvertRectangle	32	static
../hardware/src/ssd1306.c:590:6:ssd1306_DrawBitmap	24	static
../hardware/src/ssd1306.c:614:6:ssd1306_SetContrast	24	static
../hardware/src/ssd1306.c:620:6:ssd1306_SetDisplayOn	24	static
../hardware/src/ssd1306.c:632:9:ssd1306_GetDisplayOn	4	static
