../hardware/src/vl53_scan.c:16:6:_svo	16	static
../hardware/src/vl53_scan.c:21:13:_enter_narrow	4	static
../hardware/src/vl53_scan.c:28:13:_enter_wide	4	static
../hardware/src/vl53_scan.c:37:6:scanner_init	16	static
../hardware/src/vl53_scan.c:47:6:scanner_task	16	static
../hardware/src/vl53_scan.c:96:6:scanner_get	24	static
../hardware/src/vl53_scan.c:100:6:scanner_front	8	static
../hardware/src/vl53_scan.c:103:6:scanner_has_obs	16	static
../hardware/src/vl53_scan.c:109:10:scanner_mode	4	static
