../hardware/src/VL53L0X.c:45:6:writeReg	32	static
../hardware/src/VL53L0X.c:51:6:writeReg16Bit	32	static
../hardware/src/VL53L0X.c:58:6:writeReg32Bit	32	static
../hardware/src/VL53L0X.c:67:9:readReg	40	static
../hardware/src/VL53L0X.c:77:10:readReg16Bit	40	static
../hardware/src/VL53L0X.c:86:10:readReg32Bit	40	static
../hardware/src/VL53L0X.c:95:6:writeMulti	32	static
../hardware/src/VL53L0X.c:102:6:readMulti	32	static
../hardware/src/VL53L0X.c:110:6:setAddress_VL53L0X	16	static
../hardware/src/VL53L0X.c:115:9:getAddress_VL53L0X	4	static
../hardware/src/VL53L0X.c:127:6:initVL53L0X	32	static
../hardware/src/VL53L0X.c:364:6:setSignalRateLimit	16	static
../hardware/src/VL53L0X.c:374:7:getSignalRateLimit	8	static
../hardware/src/VL53L0X.c:386:6:setMeasurementTimingBudget	80	static
../hardware/src/VL53L0X.c:475:10:getMeasurementTimingBudget	56	static
../hardware/src/VL53L0X.c:529:6:setVcselPulsePeriod	56	static
../hardware/src/VL53L0X.c:706:9:getVcselPulsePeriod	16	static
../hardware/src/VL53L0X.c:725:6:startContinuous	24	static
../hardware/src/VL53L0X.c:763:6:stopContinuous	8	static
../hardware/src/VL53L0X.c:778:10:readRangeContinuousMillimeters	32	static
../hardware/src/VL53L0X.c:821:10:readRangeSingleMillimeters	16	static
../hardware/src/VL53L0X.c:843:6:timeoutOccurred	16	static
../hardware/src/VL53L0X.c:850:6:setTimeout	16	static
../hardware/src/VL53L0X.c:854:10:getTimeout	4	static
../hardware/src/VL53L0X.c:863:6:getSpadInfo	24	static
../hardware/src/VL53L0X.c:905:6:getSequenceStepEnables	24	static
../hardware/src/VL53L0X.c:920:6:getSequenceStepTimeouts	16	static
../hardware/src/VL53L0X.c:954:10:decodeTimeout	16	static
../hardware/src/VL53L0X.c:965:10:encodeTimeout	24	static
../hardware/src/VL53L0X.c:989:10:timeoutMclksToMicroseconds	24	static
../hardware/src/VL53L0X.c:998:10:timeoutMicrosecondsToMclks	24	static
../hardware/src/VL53L0X.c:1007:6:performSingleRefCalibration	16	static
