../hardware/src/vl53_scan.c:8:13:_svo	16	static
../hardware/src/vl53_scan.c:17:13:_enter_narrow	4	static
../hardware/src/vl53_scan.c:30:13:_enter_wide	16	static
../hardware/src/vl53_scan.c:51:6:scanner_request_wide	8	static
../hardware/src/vl53_scan.c:60:6:scanner_wide_consume	8	static
../hardware/src/vl53_scan.c:67:6:scanner_lock_angle	16	static
../hardware/src/vl53_scan.c:85:6:scanner_unlock	8	static
../hardware/src/vl53_scan.c:94:6:scanner_init	16	static
../hardware/src/vl53_scan.c:124:6:scanner_task	32	static
../hardware/src/vl53_scan.c:253:5:scanner_get	24	static
../hardware/src/vl53_scan.c:260:5:scanner_front	16	static
../hardware/src/vl53_scan.c:269:5:scanner_front_seq	4	static
../hardware/src/vl53_scan.c:271:5:scanner_locked_mm	8	static
../hardware/src/vl53_scan.c:279:5:scanner_locked_seq	4	static
../hardware/src/vl53_scan.c:281:4:scanner_has_obs	16	static
../hardware/src/vl53_scan.c:287:10:scanner_mode	4	static
../hardware/src/vl53_scan.c:290:4:scanner_wide_ready	4	static
