../hardware/src/vl53_scan.c:16:13:_svo	16	static
../hardware/src/vl53_scan.c:22:13:_enter_narrow	4	static
../hardware/src/vl53_scan.c:29:13:_enter_wide	4	static
../hardware/src/vl53_scan.c:38:6:scanner_init	16	static
../hardware/src/vl53_scan.c:48:6:scanner_task	24	static
../hardware/src/vl53_scan.c:97:6:scanner_get	24	static
../hardware/src/vl53_scan.c:101:6:scanner_front	8	static
../hardware/src/vl53_scan.c:104:6:scanner_has_obs	16	static
../hardware/src/vl53_scan.c:110:10:scanner_mode	4	static
