../hardware/src/vl53_scan.c:10:13:_svo	16	static
../hardware/src/vl53_scan.c:17:6:scanner_map_clear	16	static
../hardware/src/vl53_scan.c:28:13:scanner_map_update	32	static
../hardware/src/vl53_scan.c:60:13:_enter_narrow	4	static
../hardware/src/vl53_scan.c:73:13:_enter_wide	16	static
../hardware/src/vl53_scan.c:94:6:scanner_request_wide	8	static
../hardware/src/vl53_scan.c:106:6:scanner_wide_consume	8	static
../hardware/src/vl53_scan.c:113:6:scanner_pause	16	static
../hardware/src/vl53_scan.c:129:6:scanner_lock_angle	16	static
../hardware/src/vl53_scan.c:150:6:scanner_unlock	8	static
../hardware/src/vl53_scan.c:174:6:scanner_init	16	static
../hardware/src/vl53_scan.c:207:6:scanner_task	32	static
../hardware/src/vl53_scan.c:342:5:scanner_get	24	static
../hardware/src/vl53_scan.c:350:5:scanner_map_get	24	static
../hardware/src/vl53_scan.c:360:4:scanner_map_conf	24	static
../hardware/src/vl53_scan.c:371:5:scanner_front	16	static
../hardware/src/vl53_scan.c:380:5:scanner_front_seq	4	static
../hardware/src/vl53_scan.c:382:5:scanner_locked_mm	8	static
../hardware/src/vl53_scan.c:390:5:scanner_locked_seq	4	static
../hardware/src/vl53_scan.c:392:4:scanner_has_obs	16	static
../hardware/src/vl53_scan.c:398:10:scanner_mode	4	static
../hardware/src/vl53_scan.c:401:4:scanner_wide_ready	4	static
