../hardware/src/vl53_scan.c:9:13:_svo	16	static
../hardware/src/vl53_scan.c:16:6:scanner_map_clear	16	static
../hardware/src/vl53_scan.c:27:13:scanner_map_update	32	static
../hardware/src/vl53_scan.c:59:13:_enter_narrow	4	static
../hardware/src/vl53_scan.c:72:13:_enter_wide	16	static
../hardware/src/vl53_scan.c:93:6:scanner_request_wide	8	static
../hardware/src/vl53_scan.c:102:6:scanner_wide_consume	8	static
../hardware/src/vl53_scan.c:109:6:scanner_lock_angle	16	static
../hardware/src/vl53_scan.c:127:6:scanner_unlock	8	static
../hardware/src/vl53_scan.c:147:6:scanner_init	16	static
../hardware/src/vl53_scan.c:179:6:scanner_task	32	static
../hardware/src/vl53_scan.c:311:5:scanner_get	24	static
../hardware/src/vl53_scan.c:319:5:scanner_map_get	24	static
../hardware/src/vl53_scan.c:329:4:scanner_map_conf	24	static
../hardware/src/vl53_scan.c:340:5:scanner_front	16	static
../hardware/src/vl53_scan.c:349:5:scanner_front_seq	4	static
../hardware/src/vl53_scan.c:351:5:scanner_locked_mm	8	static
../hardware/src/vl53_scan.c:359:5:scanner_locked_seq	4	static
../hardware/src/vl53_scan.c:361:4:scanner_has_obs	16	static
../hardware/src/vl53_scan.c:367:10:scanner_mode	4	static
../hardware/src/vl53_scan.c:370:4:scanner_wide_ready	4	static
